resources/js/components/delete-user.tsx(58,59): error TS2339: Property 'form' does not exist on type '{ (options?: RouteQueryOptions | undefined): RouteDefinition<"delete">; definition: { methods: ["delete"]; url: string; }; url(options?: RouteQueryOptions | undefined): string; delete(options?: RouteQueryOptions | undefined): RouteDefinition<...>; }'.
resources/js/components/two-factor-recovery-codes.tsx(84,57): error TS2339: Property 'form' does not exist on type '{ (options?: RouteQueryOptions | undefined): RouteDefinition<"post">; definition: { methods: ["post"]; url: string; }; url(options?: RouteQueryOptions | undefined): string; post(options?: RouteQueryOptions | undefined): RouteDefinition<...>; }'.
resources/js/components/two-factor-setup-modal.tsx(159,25): error TS2339: Property 'form' does not exist on type '{ (options?: RouteQueryOptions | undefined): RouteDefinition<"post">; definition: { methods: ["post"]; url: string; }; url(options?: RouteQueryOptions | undefined): string; post(options?: RouteQueryOptions | undefined): RouteDefinition<...>; }'.
resources/js/pages/auth/confirm-password.tsx(18,29): error TS2339: Property 'form' does not exist on type '{ (options?: RouteQueryOptions | undefined): RouteDefinition<"post">; definition: { methods: ["post"]; url: string; }; url(options?: RouteQueryOptions | undefined): string; post(options?: RouteQueryOptions | undefined): RouteDefinition<...>; }'.
resources/js/pages/auth/forgot-password.tsx(11,10): error TS2614: Module '"@/routes/password"' has no exported member 'email'. Did you mean to use 'import email from "@/routes/password"' instead?
resources/js/pages/auth/login.tsx(24,27): error TS2339: Property 'form' does not exist on type '{ (options?: RouteQueryOptions | undefined): RouteDefinition<"post">; definition: { methods: ["post"]; url: string; }; url(options?: RouteQueryOptions | undefined): string; post(options?: RouteQueryOptions | undefined): RouteDefinition<...>; }'.
resources/js/pages/auth/register.tsx(10,23): error TS2307: Cannot find module '@/routes/register' or its corresponding type declarations.
resources/js/pages/auth/reset-password.tsx(8,10): error TS2614: Module '"@/routes/password"' has no exported member 'update'. Did you mean to use 'import update from "@/routes/password"' instead?
resources/js/pages/auth/two-factor-challenge.tsx(57,31): error TS2339: Property 'form' does not exist on type '{ (options?: RouteQueryOptions | undefined): RouteDefinition<"post">; definition: { methods: ["post"]; url: string; }; url(options?: RouteQueryOptions | undefined): string; post(options?: RouteQueryOptions | undefined): RouteDefinition<...>; }'.
resources/js/pages/auth/verify-email.tsx(8,22): error TS2307: Cannot find module '@/routes/verification' or its corresponding type declarations.
resources/js/pages/settings/password.tsx(41,55): error TS2339: Property 'form' does not exist on type '{ (options?: RouteQueryOptions | undefined): RouteDefinition<"put">; definition: { methods: ["put"]; url: string; }; url(options?: RouteQueryOptions | undefined): string; put(options?: RouteQueryOptions | undefined): RouteDefinition<...>; }'.
resources/js/pages/settings/profile.tsx(13,22): error TS2307: Cannot find module '@/routes/verification' or its corresponding type declarations.
resources/js/pages/settings/profile.tsx(47,54): error TS2339: Property 'form' does not exist on type '{ (options?: RouteQueryOptions | undefined): RouteDefinition<"patch">; definition: { methods: ["patch"]; url: string; }; url(options?: RouteQueryOptions | undefined): string; patch(options?: RouteQueryOptions | undefined): RouteDefinition<...>; }'.
resources/js/pages/settings/two-factor.tsx(73,51): error TS2339: Property 'form' does not exist on type '{ (options?: RouteQueryOptions | undefined): RouteDefinition<"delete">; definition: { methods: ["delete"]; url: string; }; url(options?: RouteQueryOptions | undefined): string; delete(options?: RouteQueryOptions | undefined): RouteDefinition<...>; }'.
resources/js/pages/settings/two-factor.tsx(106,52): error TS2339: Property 'form' does not exist on type '{ (options?: RouteQueryOptions | undefined): RouteDefinition<"post">; definition: { methods: ["post"]; url: string; }; url(options?: RouteQueryOptions | undefined): string; post(options?: RouteQueryOptions | undefined): RouteDefinition<...>; }'.
resources/js/pages/welcome.tsx(2,28): error TS2305: Module '"@/routes"' has no exported member 'register'.
